/home/hollis/AMR/src/amr_apriltag/install/apriltag_detection/lib/python3.10/site-packages/apriltag_detection/webcam_node.py
/home/hollis/AMR/src/amr_apriltag/install/apriltag_detection/lib/python3.10/site-packages/apriltag_detection/apriltag_node.py
/home/hollis/AMR/src/amr_apriltag/install/apriltag_detection/lib/python3.10/site-packages/apriltag_detection/__init__.py
/home/hollis/AMR/src/amr_apriltag/install/apriltag_detection/lib/python3.10/site-packages/apriltag_detection/__pycache__/webcam_node.cpython-310.pyc
/home/hollis/AMR/src/amr_apriltag/install/apriltag_detection/lib/python3.10/site-packages/apriltag_detection/__pycache__/apriltag_node.cpython-310.pyc
/home/hollis/AMR/src/amr_apriltag/install/apriltag_detection/lib/python3.10/site-packages/apriltag_detection/__pycache__/__init__.cpython-310.pyc
/home/hollis/AMR/src/amr_apriltag/install/apriltag_detection/share/ament_index/resource_index/packages/apriltag_detection
/home/hollis/AMR/src/amr_apriltag/install/apriltag_detection/share/apriltag_detection/package.xml
/home/hollis/AMR/src/amr_apriltag/install/apriltag_detection/share/apriltag_detection/launch/detection.launch.py
/home/hollis/AMR/src/amr_apriltag/install/apriltag_detection/share/apriltag_detection/config
/home/hollis/AMR/src/amr_apriltag/install/apriltag_detection/share/apriltag_detection/rviz/apriltag_rviz.rviz
/home/hollis/AMR/src/amr_apriltag/install/apriltag_detection/lib/python3.10/site-packages/apriltag_detection-0.0.0-py3.10.egg-info/top_level.txt
/home/hollis/AMR/src/amr_apriltag/install/apriltag_detection/lib/python3.10/site-packages/apriltag_detection-0.0.0-py3.10.egg-info/requires.txt
/home/hollis/AMR/src/amr_apriltag/install/apriltag_detection/lib/python3.10/site-packages/apriltag_detection-0.0.0-py3.10.egg-info/PKG-INFO
/home/hollis/AMR/src/amr_apriltag/install/apriltag_detection/lib/python3.10/site-packages/apriltag_detection-0.0.0-py3.10.egg-info/SOURCES.txt
/home/hollis/AMR/src/amr_apriltag/install/apriltag_detection/lib/python3.10/site-packages/apriltag_detection-0.0.0-py3.10.egg-info/zip-safe
/home/hollis/AMR/src/amr_apriltag/install/apriltag_detection/lib/python3.10/site-packages/apriltag_detection-0.0.0-py3.10.egg-info/entry_points.txt
/home/hollis/AMR/src/amr_apriltag/install/apriltag_detection/lib/python3.10/site-packages/apriltag_detection-0.0.0-py3.10.egg-info/dependency_links.txt
/home/hollis/AMR/src/amr_apriltag/install/apriltag_detection/lib/apriltag_detection/apriltag_node
/home/hollis/AMR/src/amr_apriltag/install/apriltag_detection/lib/apriltag_detection/webcam_node
